  Determining projects to restore...
  All projects are up-to-date for restore.
  PolancoWatch.Domain -> C:\Projects\Personal\Programacion\PolancoWatch - Full\PolancoWatch_backend\PolancoWatch.Domain\bin\Debug\net8.0\PolancoWatch.Domain.dll
  PolancoWatch.Application -> C:\Projects\Personal\Programacion\PolancoWatch - Full\PolancoWatch_backend\PolancoWatch.Application\bin\Debug\net8.0\PolancoWatch.Application.dll
  PolancoWatch.Infrastructure -> C:\Projects\Personal\Programacion\PolancoWatch - Full\PolancoWatch_backend\PolancoWatch.Infrastructure\bin\Debug\net8.0\PolancoWatch.Infrastructure.dll
C:\Program Files\dotnet\sdk\10.0.201\Microsoft.Common.CurrentVersion.targets(5094,5): warning MSB3026: Could not copy "C:\Projects\Personal\Programacion\PolancoWatch - Full\PolancoWatch_backend\PolancoWatch.Application\bin\Debug\net8.0\PolancoWatch.Application.dll" to "bin\Debug\net8.0\PolancoWatch.Application.dll". Beginning retry 1 in 1000ms. The process cannot access the file 'C:\Projects\Personal\Programacion\PolancoWatch - Full\PolancoWatch_backend\PolancoWatch.API\bin\Debug\net8.0\PolancoWatch.Application.dll' because it is being used by another process. The file is locked by: "PolancoWatch.API (43064)" [C:\Projects\Personal\Programacion\PolancoWatch - Full\PolancoWatch_backend\PolancoWatch.API\PolancoWatch.API.csproj]
C:\Program Files\dotnet\sdk\10.0.201\Microsoft.Common.CurrentVersion.targets(5094,5): warning MSB3026: Could not copy "C:\Projects\Personal\Programacion\PolancoWatch - Full\PolancoWatch_backend\PolancoWatch.Domain\bin\Debug\net8.0\PolancoWatch.Domain.dll" to "bin\Debug\net8.0\PolancoWatch.Domain.dll". Beginning retry 1 in 1000ms. The process cannot access the file 'C:\Projects\Personal\Programacion\PolancoWatch - Full\PolancoWatch_backend\PolancoWatch.API\bin\Debug\net8.0\PolancoWatch.Domain.dll' because it is being used by another process. The file is locked by: "PolancoWatch.API (43064)" [C:\Projects\Personal\Programacion\PolancoWatch - Full\PolancoWatch_backend\PolancoWatch.API\PolancoWatch.API.csproj]
C:\Program Files\dotnet\sdk\10.0.201\Microsoft.Common.CurrentVersion.targets(5094,5): warning MSB3026: Could not copy "C:\Projects\Personal\Programacion\PolancoWatch - Full\PolancoWatch_backend\PolancoWatch.Infrastructure\bin\Debug\net8.0\PolancoWatch.Infrastructure.dll" to "bin\Debug\net8.0\PolancoWatch.Infrastructure.dll". Beginning retry 1 in 1000ms. The process cannot access the file 'C:\Projects\Personal\Programacion\PolancoWatch - Full\PolancoWatch_backend\PolancoWatch.API\bin\Debug\net8.0\PolancoWatch.Infrastructure.dll' because it is being used by another process. The file is locked by: "PolancoWatch.API (43064)" [C:\Projects\Personal\Programacion\PolancoWatch - Full\PolancoWatch_backend\PolancoWatch.API\PolancoWatch.API.csproj]
C:\Program Files\dotnet\sdk\10.0.201\Microsoft.Common.CurrentVersion.targets(5094,5): warning MSB3026: Could not copy "C:\Projects\Personal\Programacion\PolancoWatch - Full\PolancoWatch_backend\PolancoWatch.Application\bin\Debug\net8.0\PolancoWatch.Application.dll" to "bin\Debug\net8.0\PolancoWatch.Application.dll". Beginning retry 2 in 1000ms. The process cannot access the file 'C:\Projects\Personal\Programacion\PolancoWatch - Full\PolancoWatch_backend\PolancoWatch.API\bin\Debug\net8.0\PolancoWatch.Application.dll' because it is being used by another process. The file is locked by: "PolancoWatch.API (43064)" [C:\Projects\Personal\Programacion\PolancoWatch - Full\PolancoWatch_backend\PolancoWatch.API\PolancoWatch.API.csproj]
C:\Program Files\dotnet\sdk\10.0.201\Microsoft.Common.CurrentVersion.targets(5094,5): warning MSB3026: Could not copy "C:\Projects\Personal\Programacion\PolancoWatch - Full\PolancoWatch_backend\PolancoWatch.Infrastructure\bin\Debug\net8.0\PolancoWatch.Infrastructure.dll" to "bin\Debug\net8.0\PolancoWatch.Infrastructure.dll". Beginning retry 2 in 1000ms. The process cannot access the file 'C:\Projects\Personal\Programacion\PolancoWatch - Full\PolancoWatch_backend\PolancoWatch.API\bin\Debug\net8.0\PolancoWatch.Infrastructure.dll' because it is being used by another process. The file is locked by: "PolancoWatch.API (43064)" [C:\Projects\Personal\Programacion\PolancoWatch - Full\PolancoWatch_backend\PolancoWatch.API\PolancoWatch.API.csproj]
C:\Program Files\dotnet\sdk\10.0.201\Microsoft.Common.CurrentVersion.targets(5094,5): warning MSB3026: Could not copy "C:\Projects\Personal\Programacion\PolancoWatch - Full\PolancoWatch_backend\PolancoWatch.Domain\bin\Debug\net8.0\PolancoWatch.Domain.dll" to "bin\Debug\net8.0\PolancoWatch.Domain.dll". Beginning retry 2 in 1000ms. The process cannot access the file 'C:\Projects\Personal\Programacion\PolancoWatch - Full\PolancoWatch_backend\PolancoWatch.API\bin\Debug\net8.0\PolancoWatch.Domain.dll' because it is being used by another process. The file is locked by: "PolancoWatch.API (43064)" [C:\Projects\Personal\Programacion\PolancoWatch - Full\PolancoWatch_backend\PolancoWatch.API\PolancoWatch.API.csproj]
C:\Program Files\dotnet\sdk\10.0.201\Microsoft.Common.CurrentVersion.targets(5094,5): warning MSB3026: Could not copy "C:\Projects\Personal\Programacion\PolancoWatch - Full\PolancoWatch_backend\PolancoWatch.Application\bin\Debug\net8.0\PolancoWatch.Application.dll" to "bin\Debug\net8.0\PolancoWatch.Application.dll". Beginning retry 3 in 1000ms. The process cannot access the file 'C:\Projects\Personal\Programacion\PolancoWatch - Full\PolancoWatch_backend\PolancoWatch.API\bin\Debug\net8.0\PolancoWatch.Application.dll' because it is being used by another process. The file is locked by: "PolancoWatch.API (43064)" [C:\Projects\Personal\Programacion\PolancoWatch - Full\PolancoWatch_backend\PolancoWatch.API\PolancoWatch.API.csproj]
C:\Program Files\dotnet\sdk\10.0.201\Microsoft.Common.CurrentVersion.targets(5094,5): warning MSB3026: Could not copy "C:\Projects\Personal\Programacion\PolancoWatch - Full\PolancoWatch_backend\PolancoWatch.Infrastructure\bin\Debug\net8.0\PolancoWatch.Infrastructure.dll" to "bin\Debug\net8.0\PolancoWatch.Infrastructure.dll". Beginning retry 3 in 1000ms. The process cannot access the file 'C:\Projects\Personal\Programacion\PolancoWatch - Full\PolancoWatch_backend\PolancoWatch.API\bin\Debug\net8.0\PolancoWatch.Infrastructure.dll' because it is being used by another process. The file is locked by: "PolancoWatch.API (43064)" [C:\Projects\Personal\Programacion\PolancoWatch - Full\PolancoWatch_backend\PolancoWatch.API\PolancoWatch.API.csproj]
C:\Program Files\dotnet\sdk\10.0.201\Microsoft.Common.CurrentVersion.targets(5094,5): warning MSB3026: Could not copy "C:\Projects\Personal\Programacion\PolancoWatch - Full\PolancoWatch_backend\PolancoWatch.Domain\bin\Debug\net8.0\PolancoWatch.Domain.dll" to "bin\Debug\net8.0\PolancoWatch.Domain.dll". Beginning retry 3 in 1000ms. The process cannot access the file 'C:\Projects\Personal\Programacion\PolancoWatch - Full\PolancoWatch_backend\PolancoWatch.API\bin\Debug\net8.0\PolancoWatch.Domain.dll' because it is being used by another process. The file is locked by: "PolancoWatch.API (43064)" [C:\Projects\Personal\Programacion\PolancoWatch - Full\PolancoWatch_backend\PolancoWatch.API\PolancoWatch.API.csproj]
C:\Program Files\dotnet\sdk\10.0.201\Microsoft.Common.CurrentVersion.targets(5094,5): warning MSB3026: Could not copy "C:\Projects\Personal\Programacion\PolancoWatch - Full\PolancoWatch_backend\PolancoWatch.Application\bin\Debug\net8.0\PolancoWatch.Application.dll" to "bin\Debug\net8.0\PolancoWatch.Application.dll". Beginning retry 4 in 1000ms. The process cannot access the file 'C:\Projects\Personal\Programacion\PolancoWatch - Full\PolancoWatch_backend\PolancoWatch.API\bin\Debug\net8.0\PolancoWatch.Application.dll' because it is being used by another process. The file is locked by: "PolancoWatch.API (43064)" [C:\Projects\Personal\Programacion\PolancoWatch - Full\PolancoWatch_backend\PolancoWatch.API\PolancoWatch.API.csproj]
C:\Program Files\dotnet\sdk\10.0.201\Microsoft.Common.CurrentVersion.targets(5094,5): warning MSB3026: Could not copy "C:\Projects\Personal\Programacion\PolancoWatch - Full\PolancoWatch_backend\PolancoWatch.Infrastructure\bin\Debug\net8.0\PolancoWatch.Infrastructure.dll" to "bin\Debug\net8.0\PolancoWatch.Infrastructure.dll". Beginning retry 4 in 1000ms. The process cannot access the file 'C:\Projects\Personal\Programacion\PolancoWatch - Full\PolancoWatch_backend\PolancoWatch.API\bin\Debug\net8.0\PolancoWatch.Infrastructure.dll' because it is being used by another process. The file is locked by: "PolancoWatch.API (43064)" [C:\Projects\Personal\Programacion\PolancoWatch - Full\PolancoWatch_backend\PolancoWatch.API\PolancoWatch.API.csproj]
C:\Program Files\dotnet\sdk\10.0.201\Microsoft.Common.CurrentVersion.targets(5094,5): warning MSB3026: Could not copy "C:\Projects\Personal\Programacion\PolancoWatch - Full\PolancoWatch_backend\PolancoWatch.Domain\bin\Debug\net8.0\PolancoWatch.Domain.dll" to "bin\Debug\net8.0\PolancoWatch.Domain.dll". Beginning retry 4 in 1000ms. The process cannot access the file 'C:\Projects\Personal\Programacion\PolancoWatch - Full\PolancoWatch_backend\PolancoWatch.API\bin\Debug\net8.0\PolancoWatch.Domain.dll' because it is being used by another process. The file is locked by: "PolancoWatch.API (43064)" [C:\Projects\Personal\Programacion\PolancoWatch - Full\PolancoWatch_backend\PolancoWatch.API\PolancoWatch.API.csproj]
C:\Program Files\dotnet\sdk\10.0.201\Microsoft.Common.CurrentVersion.targets(5094,5): warning MSB3026: Could not copy "C:\Projects\Personal\Programacion\PolancoWatch - Full\PolancoWatch_backend\PolancoWatch.Application\bin\Debug\net8.0\PolancoWatch.Application.dll" to "bin\Debug\net8.0\PolancoWatch.Application.dll". Beginning retry 5 in 1000ms. The process cannot access the file 'C:\Projects\Personal\Programacion\PolancoWatch - Full\PolancoWatch_backend\PolancoWatch.API\bin\Debug\net8.0\PolancoWatch.Application.dll' because it is being used by another process. The file is locked by: "PolancoWatch.API (43064)" [C:\Projects\Personal\Programacion\PolancoWatch - Full\PolancoWatch_backend\PolancoWatch.API\PolancoWatch.API.csproj]
C:\Program Files\dotnet\sdk\10.0.201\Microsoft.Common.CurrentVersion.targets(5094,5): warning MSB3026: Could not copy "C:\Projects\Personal\Programacion\PolancoWatch - Full\PolancoWatch_backend\PolancoWatch.Domain\bin\Debug\net8.0\PolancoWatch.Domain.dll" to "bin\Debug\net8.0\PolancoWatch.Domain.dll". Beginning retry 5 in 1000ms. The process cannot access the file 'C:\Projects\Personal\Programacion\PolancoWatch - Full\PolancoWatch_backend\PolancoWatch.API\bin\Debug\net8.0\PolancoWatch.Domain.dll' because it is being used by another process. The file is locked by: "PolancoWatch.API (43064)" [C:\Projects\Personal\Programacion\PolancoWatch - Full\PolancoWatch_backend\PolancoWatch.API\PolancoWatch.API.csproj]
C:\Program Files\dotnet\sdk\10.0.201\Microsoft.Common.CurrentVersion.targets(5094,5): warning MSB3026: Could not copy "C:\Projects\Personal\Programacion\PolancoWatch - Full\PolancoWatch_backend\PolancoWatch.Infrastructure\bin\Debug\net8.0\PolancoWatch.Infrastructure.dll" to "bin\Debug\net8.0\PolancoWatch.Infrastructure.dll". Beginning retry 5 in 1000ms. The process cannot access the file 'C:\Projects\Personal\Programacion\PolancoWatch - Full\PolancoWatch_backend\PolancoWatch.API\bin\Debug\net8.0\PolancoWatch.Infrastructure.dll' because it is being used by another process. The file is locked by: "PolancoWatch.API (43064)" [C:\Projects\Personal\Programacion\PolancoWatch - Full\PolancoWatch_backend\PolancoWatch.API\PolancoWatch.API.csproj]
C:\Program Files\dotnet\sdk\10.0.201\Microsoft.Common.CurrentVersion.targets(5094,5): warning MSB3026: Could not copy "C:\Projects\Personal\Programacion\PolancoWatch - Full\PolancoWatch_backend\PolancoWatch.Application\bin\Debug\net8.0\PolancoWatch.Application.dll" to "bin\Debug\net8.0\PolancoWatch.Application.dll". Beginning retry 6 in 1000ms. The process cannot access the file 'C:\Projects\Personal\Programacion\PolancoWatch - Full\PolancoWatch_backend\PolancoWatch.API\bin\Debug\net8.0\PolancoWatch.Application.dll' because it is being used by another process. The file is locked by: "PolancoWatch.API (43064)" [C:\Projects\Personal\Programacion\PolancoWatch - Full\PolancoWatch_backend\PolancoWatch.API\PolancoWatch.API.csproj]
C:\Program Files\dotnet\sdk\10.0.201\Microsoft.Common.CurrentVersion.targets(5094,5): warning MSB3026: Could not copy "C:\Projects\Personal\Programacion\PolancoWatch - Full\PolancoWatch_backend\PolancoWatch.Domain\bin\Debug\net8.0\PolancoWatch.Domain.dll" to "bin\Debug\net8.0\PolancoWatch.Domain.dll". Beginning retry 6 in 1000ms. The process cannot access the file 'C:\Projects\Personal\Programacion\PolancoWatch - Full\PolancoWatch_backend\PolancoWatch.API\bin\Debug\net8.0\PolancoWatch.Domain.dll' because it is being used by another process. The file is locked by: "PolancoWatch.API (43064)" [C:\Projects\Personal\Programacion\PolancoWatch - Full\PolancoWatch_backend\PolancoWatch.API\PolancoWatch.API.csproj]
C:\Program Files\dotnet\sdk\10.0.201\Microsoft.Common.CurrentVersion.targets(5094,5): warning MSB3026: Could not copy "C:\Projects\Personal\Programacion\PolancoWatch - Full\PolancoWatch_backend\PolancoWatch.Infrastructure\bin\Debug\net8.0\PolancoWatch.Infrastructure.dll" to "bin\Debug\net8.0\PolancoWatch.Infrastructure.dll". Beginning retry 6 in 1000ms. The process cannot access the file 'C:\Projects\Personal\Programacion\PolancoWatch - Full\PolancoWatch_backend\PolancoWatch.API\bin\Debug\net8.0\PolancoWatch.Infrastructure.dll' because it is being used by another process. The file is locked by: "PolancoWatch.API (43064)" [C:\Projects\Personal\Programacion\PolancoWatch - Full\PolancoWatch_backend\PolancoWatch.API\PolancoWatch.API.csproj]
C:\Program Files\dotnet\sdk\10.0.201\Microsoft.Common.CurrentVersion.targets(5094,5): warning MSB3026: Could not copy "C:\Projects\Personal\Programacion\PolancoWatch - Full\PolancoWatch_backend\PolancoWatch.Application\bin\Debug\net8.0\PolancoWatch.Application.dll" to "bin\Debug\net8.0\PolancoWatch.Application.dll". Beginning retry 7 in 1000ms. The process cannot access the file 'C:\Projects\Personal\Programacion\PolancoWatch - Full\PolancoWatch_backend\PolancoWatch.API\bin\Debug\net8.0\PolancoWatch.Application.dll' because it is being used by another process. The file is locked by: "PolancoWatch.API (43064)" [C:\Projects\Personal\Programacion\PolancoWatch - Full\PolancoWatch_backend\PolancoWatch.API\PolancoWatch.API.csproj]
C:\Program Files\dotnet\sdk\10.0.201\Microsoft.Common.CurrentVersion.targets(5094,5): warning MSB3026: Could not copy "C:\Projects\Personal\Programacion\PolancoWatch - Full\PolancoWatch_backend\PolancoWatch.Domain\bin\Debug\net8.0\PolancoWatch.Domain.dll" to "bin\Debug\net8.0\PolancoWatch.Domain.dll". Beginning retry 7 in 1000ms. The process cannot access the file 'C:\Projects\Personal\Programacion\PolancoWatch - Full\PolancoWatch_backend\PolancoWatch.API\bin\Debug\net8.0\PolancoWatch.Domain.dll' because it is being used by another process. The file is locked by: "PolancoWatch.API (43064)" [C:\Projects\Personal\Programacion\PolancoWatch - Full\PolancoWatch_backend\PolancoWatch.API\PolancoWatch.API.csproj]
C:\Program Files\dotnet\sdk\10.0.201\Microsoft.Common.CurrentVersion.targets(5094,5): warning MSB3026: Could not copy "C:\Projects\Personal\Programacion\PolancoWatch - Full\PolancoWatch_backend\PolancoWatch.Infrastructure\bin\Debug\net8.0\PolancoWatch.Infrastructure.dll" to "bin\Debug\net8.0\PolancoWatch.Infrastructure.dll". Beginning retry 7 in 1000ms. The process cannot access the file 'C:\Projects\Personal\Programacion\PolancoWatch - Full\PolancoWatch_backend\PolancoWatch.API\bin\Debug\net8.0\PolancoWatch.Infrastructure.dll' because it is being used by another process. The file is locked by: "PolancoWatch.API (43064)" [C:\Projects\Personal\Programacion\PolancoWatch - Full\PolancoWatch_backend\PolancoWatch.API\PolancoWatch.API.csproj]
C:\Program Files\dotnet\sdk\10.0.201\Microsoft.Common.CurrentVersion.targets(5094,5): warning MSB3026: Could not copy "C:\Projects\Personal\Programacion\PolancoWatch - Full\PolancoWatch_backend\PolancoWatch.Application\bin\Debug\net8.0\PolancoWatch.Application.dll" to "bin\Debug\net8.0\PolancoWatch.Application.dll". Beginning retry 8 in 1000ms. The process cannot access the file 'C:\Projects\Personal\Programacion\PolancoWatch - Full\PolancoWatch_backend\PolancoWatch.API\bin\Debug\net8.0\PolancoWatch.Application.dll' because it is being used by another process. The file is locked by: "PolancoWatch.API (43064)" [C:\Projects\Personal\Programacion\PolancoWatch - Full\PolancoWatch_backend\PolancoWatch.API\PolancoWatch.API.csproj]
C:\Program Files\dotnet\sdk\10.0.201\Microsoft.Common.CurrentVersion.targets(5094,5): warning MSB3026: Could not copy "C:\Projects\Personal\Programacion\PolancoWatch - Full\PolancoWatch_backend\PolancoWatch.Domain\bin\Debug\net8.0\PolancoWatch.Domain.dll" to "bin\Debug\net8.0\PolancoWatch.Domain.dll". Beginning retry 8 in 1000ms. The process cannot access the file 'C:\Projects\Personal\Programacion\PolancoWatch - Full\PolancoWatch_backend\PolancoWatch.API\bin\Debug\net8.0\PolancoWatch.Domain.dll' because it is being used by another process. The file is locked by: "PolancoWatch.API (43064)" [C:\Projects\Personal\Programacion\PolancoWatch - Full\PolancoWatch_backend\PolancoWatch.API\PolancoWatch.API.csproj]
C:\Program Files\dotnet\sdk\10.0.201\Microsoft.Common.CurrentVersion.targets(5094,5): warning MSB3026: Could not copy "C:\Projects\Personal\Programacion\PolancoWatch - Full\PolancoWatch_backend\PolancoWatch.Infrastructure\bin\Debug\net8.0\PolancoWatch.Infrastructure.dll" to "bin\Debug\net8.0\PolancoWatch.Infrastructure.dll". Beginning retry 8 in 1000ms. The process cannot access the file 'C:\Projects\Personal\Programacion\PolancoWatch - Full\PolancoWatch_backend\PolancoWatch.API\bin\Debug\net8.0\PolancoWatch.Infrastructure.dll' because it is being used by another process. The file is locked by: "PolancoWatch.API (43064)" [C:\Projects\Personal\Programacion\PolancoWatch - Full\PolancoWatch_backend\PolancoWatch.API\PolancoWatch.API.csproj]
C:\Program Files\dotnet\sdk\10.0.201\Microsoft.Common.CurrentVersion.targets(5094,5): warning MSB3026: Could not copy "C:\Projects\Personal\Programacion\PolancoWatch - Full\PolancoWatch_backend\PolancoWatch.Application\bin\Debug\net8.0\PolancoWatch.Application.dll" to "bin\Debug\net8.0\PolancoWatch.Application.dll". Beginning retry 9 in 1000ms. The process cannot access the file 'C:\Projects\Personal\Programacion\PolancoWatch - Full\PolancoWatch_backend\PolancoWatch.API\bin\Debug\net8.0\PolancoWatch.Application.dll' because it is being used by another process. The file is locked by: "PolancoWatch.API (43064)" [C:\Projects\Personal\Programacion\PolancoWatch - Full\PolancoWatch_backend\PolancoWatch.API\PolancoWatch.API.csproj]
C:\Program Files\dotnet\sdk\10.0.201\Microsoft.Common.CurrentVersion.targets(5094,5): warning MSB3026: Could not copy "C:\Projects\Personal\Programacion\PolancoWatch - Full\PolancoWatch_backend\PolancoWatch.Domain\bin\Debug\net8.0\PolancoWatch.Domain.dll" to "bin\Debug\net8.0\PolancoWatch.Domain.dll". Beginning retry 9 in 1000ms. The process cannot access the file 'C:\Projects\Personal\Programacion\PolancoWatch - Full\PolancoWatch_backend\PolancoWatch.API\bin\Debug\net8.0\PolancoWatch.Domain.dll' because it is being used by another process. The file is locked by: "PolancoWatch.API (43064)" [C:\Projects\Personal\Programacion\PolancoWatch - Full\PolancoWatch_backend\PolancoWatch.API\PolancoWatch.API.csproj]
C:\Program Files\dotnet\sdk\10.0.201\Microsoft.Common.CurrentVersion.targets(5094,5): warning MSB3026: Could not copy "C:\Projects\Personal\Programacion\PolancoWatch - Full\PolancoWatch_backend\PolancoWatch.Infrastructure\bin\Debug\net8.0\PolancoWatch.Infrastructure.dll" to "bin\Debug\net8.0\PolancoWatch.Infrastructure.dll". Beginning retry 9 in 1000ms. The process cannot access the file 'C:\Projects\Personal\Programacion\PolancoWatch - Full\PolancoWatch_backend\PolancoWatch.API\bin\Debug\net8.0\PolancoWatch.Infrastructure.dll' because it is being used by another process. The file is locked by: "PolancoWatch.API (43064)" [C:\Projects\Personal\Programacion\PolancoWatch - Full\PolancoWatch_backend\PolancoWatch.API\PolancoWatch.API.csproj]
C:\Program Files\dotnet\sdk\10.0.201\Microsoft.Common.CurrentVersion.targets(5094,5): warning MSB3026: Could not copy "C:\Projects\Personal\Programacion\PolancoWatch - Full\PolancoWatch_backend\PolancoWatch.Application\bin\Debug\net8.0\PolancoWatch.Application.dll" to "bin\Debug\net8.0\PolancoWatch.Application.dll". Beginning retry 10 in 1000ms. The process cannot access the file 'C:\Projects\Personal\Programacion\PolancoWatch - Full\PolancoWatch_backend\PolancoWatch.API\bin\Debug\net8.0\PolancoWatch.Application.dll' because it is being used by another process. The file is locked by: "PolancoWatch.API (43064)" [C:\Projects\Personal\Programacion\PolancoWatch - Full\PolancoWatch_backend\PolancoWatch.API\PolancoWatch.API.csproj]
C:\Program Files\dotnet\sdk\10.0.201\Microsoft.Common.CurrentVersion.targets(5094,5): warning MSB3026: Could not copy "C:\Projects\Personal\Programacion\PolancoWatch - Full\PolancoWatch_backend\PolancoWatch.Domain\bin\Debug\net8.0\PolancoWatch.Domain.dll" to "bin\Debug\net8.0\PolancoWatch.Domain.dll". Beginning retry 10 in 1000ms. Could not find file 'C:\Projects\Personal\Programacion\PolancoWatch - Full\PolancoWatch_backend\PolancoWatch.Domain\bin\Debug\net8.0\PolancoWatch.Domain.dll'. The file is locked by: "PolancoWatch.API (43064)" [C:\Projects\Personal\Programacion\PolancoWatch - Full\PolancoWatch_backend\PolancoWatch.API\PolancoWatch.API.csproj]
C:\Program Files\dotnet\sdk\10.0.201\Microsoft.Common.CurrentVersion.targets(5094,5): warning MSB3026: Could not copy "C:\Projects\Personal\Programacion\PolancoWatch - Full\PolancoWatch_backend\PolancoWatch.Infrastructure\bin\Debug\net8.0\PolancoWatch.Infrastructure.dll" to "bin\Debug\net8.0\PolancoWatch.Infrastructure.dll". Beginning retry 10 in 1000ms. Could not find file 'C:\Projects\Personal\Programacion\PolancoWatch - Full\PolancoWatch_backend\PolancoWatch.Infrastructure\bin\Debug\net8.0\PolancoWatch.Infrastructure.dll'. The file is locked by: "PolancoWatch.API (43064)" [C:\Projects\Personal\Programacion\PolancoWatch - Full\PolancoWatch_backend\PolancoWatch.API\PolancoWatch.API.csproj]
C:\Program Files\dotnet\sdk\10.0.201\Microsoft.Common.CurrentVersion.targets(5094,5): error MSB3027: Could not copy "C:\Projects\Personal\Programacion\PolancoWatch - Full\PolancoWatch_backend\PolancoWatch.Application\bin\Debug\net8.0\PolancoWatch.Application.dll" to "bin\Debug\net8.0\PolancoWatch.Application.dll". Exceeded retry count of 10. Failed. The file is locked by: "PolancoWatch.API (43064)" [C:\Projects\Personal\Programacion\PolancoWatch - Full\PolancoWatch_backend\PolancoWatch.API\PolancoWatch.API.csproj]
C:\Program Files\dotnet\sdk\10.0.201\Microsoft.Common.CurrentVersion.targets(5094,5): error MSB3021: Unable to copy file "C:\Projects\Personal\Programacion\PolancoWatch - Full\PolancoWatch_backend\PolancoWatch.Application\bin\Debug\net8.0\PolancoWatch.Application.dll" to "bin\Debug\net8.0\PolancoWatch.Application.dll". The process cannot access the file 'C:\Projects\Personal\Programacion\PolancoWatch - Full\PolancoWatch_backend\PolancoWatch.API\bin\Debug\net8.0\PolancoWatch.Application.dll' because it is being used by another process. [C:\Projects\Personal\Programacion\PolancoWatch - Full\PolancoWatch_backend\PolancoWatch.API\PolancoWatch.API.csproj]
C:\Program Files\dotnet\sdk\10.0.201\Microsoft.Common.CurrentVersion.targets(5094,5): error MSB3027: Could not copy "C:\Projects\Personal\Programacion\PolancoWatch - Full\PolancoWatch_backend\PolancoWatch.Domain\bin\Debug\net8.0\PolancoWatch.Domain.dll" to "bin\Debug\net8.0\PolancoWatch.Domain.dll". Exceeded retry count of 10. Failed. The file is locked by: "PolancoWatch.API (43064)" [C:\Projects\Personal\Programacion\PolancoWatch - Full\PolancoWatch_backend\PolancoWatch.API\PolancoWatch.API.csproj]
C:\Program Files\dotnet\sdk\10.0.201\Microsoft.Common.CurrentVersion.targets(5094,5): error MSB3021: Unable to copy file "C:\Projects\Personal\Programacion\PolancoWatch - Full\PolancoWatch_backend\PolancoWatch.Domain\bin\Debug\net8.0\PolancoWatch.Domain.dll" to "bin\Debug\net8.0\PolancoWatch.Domain.dll". The process cannot access the file 'C:\Projects\Personal\Programacion\PolancoWatch - Full\PolancoWatch_backend\PolancoWatch.API\bin\Debug\net8.0\PolancoWatch.Domain.dll' because it is being used by another process. [C:\Projects\Personal\Programacion\PolancoWatch - Full\PolancoWatch_backend\PolancoWatch.API\PolancoWatch.API.csproj]
C:\Program Files\dotnet\sdk\10.0.201\Microsoft.Common.CurrentVersion.targets(5094,5): error MSB3027: Could not copy "C:\Projects\Personal\Programacion\PolancoWatch - Full\PolancoWatch_backend\PolancoWatch.Infrastructure\bin\Debug\net8.0\PolancoWatch.Infrastructure.dll" to "bin\Debug\net8.0\PolancoWatch.Infrastructure.dll". Exceeded retry count of 10. Failed. The file is locked by: "PolancoWatch.API (43064)" [C:\Projects\Personal\Programacion\PolancoWatch - Full\PolancoWatch_backend\PolancoWatch.API\PolancoWatch.API.csproj]
C:\Program Files\dotnet\sdk\10.0.201\Microsoft.Common.CurrentVersion.targets(5094,5): error MSB3021: Unable to copy file "C:\Projects\Personal\Programacion\PolancoWatch - Full\PolancoWatch_backend\PolancoWatch.Infrastructure\bin\Debug\net8.0\PolancoWatch.Infrastructure.dll" to "bin\Debug\net8.0\PolancoWatch.Infrastructure.dll". Could not find file 'C:\Projects\Personal\Programacion\PolancoWatch - Full\PolancoWatch_backend\PolancoWatch.Infrastructure\bin\Debug\net8.0\PolancoWatch.Infrastructure.dll'. [C:\Projects\Personal\Programacion\PolancoWatch - Full\PolancoWatch_backend\PolancoWatch.API\PolancoWatch.API.csproj]

Build FAILED.

C:\Program Files\dotnet\sdk\10.0.201\Microsoft.Common.CurrentVersion.targets(5094,5): warning MSB3026: Could not copy "C:\Projects\Personal\Programacion\PolancoWatch - Full\PolancoWatch_backend\PolancoWatch.Application\bin\Debug\net8.0\PolancoWatch.Application.dll" to "bin\Debug\net8.0\PolancoWatch.Application.dll". Beginning retry 1 in 1000ms. The process cannot access the file 'C:\Projects\Personal\Programacion\PolancoWatch - Full\PolancoWatch_backend\PolancoWatch.API\bin\Debug\net8.0\PolancoWatch.Application.dll' because it is being used by another process. The file is locked by: "PolancoWatch.API (43064)" [C:\Projects\Personal\Programacion\PolancoWatch - Full\PolancoWatch_backend\PolancoWatch.API\PolancoWatch.API.csproj]
C:\Program Files\dotnet\sdk\10.0.201\Microsoft.Common.CurrentVersion.targets(5094,5): warning MSB3026: Could not copy "C:\Projects\Personal\Programacion\PolancoWatch - Full\PolancoWatch_backend\PolancoWatch.Domain\bin\Debug\net8.0\PolancoWatch.Domain.dll" to "bin\Debug\net8.0\PolancoWatch.Domain.dll". Beginning retry 1 in 1000ms. The process cannot access the file 'C:\Projects\Personal\Programacion\PolancoWatch - Full\PolancoWatch_backend\PolancoWatch.API\bin\Debug\net8.0\PolancoWatch.Domain.dll' because it is being used by another process. The file is locked by: "PolancoWatch.API (43064)" [C:\Projects\Personal\Programacion\PolancoWatch - Full\PolancoWatch_backend\PolancoWatch.API\PolancoWatch.API.csproj]
C:\Program Files\dotnet\sdk\10.0.201\Microsoft.Common.CurrentVersion.targets(5094,5): warning MSB3026: Could not copy "C:\Projects\Personal\Programacion\PolancoWatch - Full\PolancoWatch_backend\PolancoWatch.Infrastructure\bin\Debug\net8.0\PolancoWatch.Infrastructure.dll" to "bin\Debug\net8.0\PolancoWatch.Infrastructure.dll". Beginning retry 1 in 1000ms. The process cannot access the file 'C:\Projects\Personal\Programacion\PolancoWatch - Full\PolancoWatch_backend\PolancoWatch.API\bin\Debug\net8.0\PolancoWatch.Infrastructure.dll' because it is being used by another process. The file is locked by: "PolancoWatch.API (43064)" [C:\Projects\Personal\Programacion\PolancoWatch - Full\PolancoWatch_backend\PolancoWatch.API\PolancoWatch.API.csproj]
C:\Program Files\dotnet\sdk\10.0.201\Microsoft.Common.CurrentVersion.targets(5094,5): warning MSB3026: Could not copy "C:\Projects\Personal\Programacion\PolancoWatch - Full\PolancoWatch_backend\PolancoWatch.Application\bin\Debug\net8.0\PolancoWatch.Application.dll" to "bin\Debug\net8.0\PolancoWatch.Application.dll". Beginning retry 2 in 1000ms. The process cannot access the file 'C:\Projects\Personal\Programacion\PolancoWatch - Full\PolancoWatch_backend\PolancoWatch.API\bin\Debug\net8.0\PolancoWatch.Application.dll' because it is being used by another process. The file is locked by: "PolancoWatch.API (43064)" [C:\Projects\Personal\Programacion\PolancoWatch - Full\PolancoWatch_backend\PolancoWatch.API\PolancoWatch.API.csproj]
C:\Program Files\dotnet\sdk\10.0.201\Microsoft.Common.CurrentVersion.targets(5094,5): warning MSB3026: Could not copy "C:\Projects\Personal\Programacion\PolancoWatch - Full\PolancoWatch_backend\PolancoWatch.Infrastructure\bin\Debug\net8.0\PolancoWatch.Infrastructure.dll" to "bin\Debug\net8.0\PolancoWatch.Infrastructure.dll". Beginning retry 2 in 1000ms. The process cannot access the file 'C:\Projects\Personal\Programacion\PolancoWatch - Full\PolancoWatch_backend\PolancoWatch.API\bin\Debug\net8.0\PolancoWatch.Infrastructure.dll' because it is being used by another process. The file is locked by: "PolancoWatch.API (43064)" [C:\Projects\Personal\Programacion\PolancoWatch - Full\PolancoWatch_backend\PolancoWatch.API\PolancoWatch.API.csproj]
C:\Program Files\dotnet\sdk\10.0.201\Microsoft.Common.CurrentVersion.targets(5094,5): warning MSB3026: Could not copy "C:\Projects\Personal\Programacion\PolancoWatch - Full\PolancoWatch_backend\PolancoWatch.Domain\bin\Debug\net8.0\PolancoWatch.Domain.dll" to "bin\Debug\net8.0\PolancoWatch.Domain.dll". Beginning retry 2 in 1000ms. The process cannot access the file 'C:\Projects\Personal\Programacion\PolancoWatch - Full\PolancoWatch_backend\PolancoWatch.API\bin\Debug\net8.0\PolancoWatch.Domain.dll' because it is being used by another process. The file is locked by: "PolancoWatch.API (43064)" [C:\Projects\Personal\Programacion\PolancoWatch - Full\PolancoWatch_backend\PolancoWatch.API\PolancoWatch.API.csproj]
C:\Program Files\dotnet\sdk\10.0.201\Microsoft.Common.CurrentVersion.targets(5094,5): warning MSB3026: Could not copy "C:\Projects\Personal\Programacion\PolancoWatch - Full\PolancoWatch_backend\PolancoWatch.Application\bin\Debug\net8.0\PolancoWatch.Application.dll" to "bin\Debug\net8.0\PolancoWatch.Application.dll". Beginning retry 3 in 1000ms. The process cannot access the file 'C:\Projects\Personal\Programacion\PolancoWatch - Full\PolancoWatch_backend\PolancoWatch.API\bin\Debug\net8.0\PolancoWatch.Application.dll' because it is being used by another process. The file is locked by: "PolancoWatch.API (43064)" [C:\Projects\Personal\Programacion\PolancoWatch - Full\PolancoWatch_backend\PolancoWatch.API\PolancoWatch.API.csproj]
C:\Program Files\dotnet\sdk\10.0.201\Microsoft.Common.CurrentVersion.targets(5094,5): warning MSB3026: Could not copy "C:\Projects\Personal\Programacion\PolancoWatch - Full\PolancoWatch_backend\PolancoWatch.Infrastructure\bin\Debug\net8.0\PolancoWatch.Infrastructure.dll" to "bin\Debug\net8.0\PolancoWatch.Infrastructure.dll". Beginning retry 3 in 1000ms. The process cannot access the file 'C:\Projects\Personal\Programacion\PolancoWatch - Full\PolancoWatch_backend\PolancoWatch.API\bin\Debug\net8.0\PolancoWatch.Infrastructure.dll' because it is being used by another process. The file is locked by: "PolancoWatch.API (43064)" [C:\Projects\Personal\Programacion\PolancoWatch - Full\PolancoWatch_backend\PolancoWatch.API\PolancoWatch.API.csproj]
C:\Program Files\dotnet\sdk\10.0.201\Microsoft.Common.CurrentVersion.targets(5094,5): warning MSB3026: Could not copy "C:\Projects\Personal\Programacion\PolancoWatch - Full\PolancoWatch_backend\PolancoWatch.Domain\bin\Debug\net8.0\PolancoWatch.Domain.dll" to "bin\Debug\net8.0\PolancoWatch.Domain.dll". Beginning retry 3 in 1000ms. The process cannot access the file 'C:\Projects\Personal\Programacion\PolancoWatch - Full\PolancoWatch_backend\PolancoWatch.API\bin\Debug\net8.0\PolancoWatch.Domain.dll' because it is being used by another process. The file is locked by: "PolancoWatch.API (43064)" [C:\Projects\Personal\Programacion\PolancoWatch - Full\PolancoWatch_backend\PolancoWatch.API\PolancoWatch.API.csproj]
C:\Program Files\dotnet\sdk\10.0.201\Microsoft.Common.CurrentVersion.targets(5094,5): warning MSB3026: Could not copy "C:\Projects\Personal\Programacion\PolancoWatch - Full\PolancoWatch_backend\PolancoWatch.Application\bin\Debug\net8.0\PolancoWatch.Application.dll" to "bin\Debug\net8.0\PolancoWatch.Application.dll". Beginning retry 4 in 1000ms. The process cannot access the file 'C:\Projects\Personal\Programacion\PolancoWatch - Full\PolancoWatch_backend\PolancoWatch.API\bin\Debug\net8.0\PolancoWatch.Application.dll' because it is being used by another process. The file is locked by: "PolancoWatch.API (43064)" [C:\Projects\Personal\Programacion\PolancoWatch - Full\PolancoWatch_backend\PolancoWatch.API\PolancoWatch.API.csproj]
C:\Program Files\dotnet\sdk\10.0.201\Microsoft.Common.CurrentVersion.targets(5094,5): warning MSB3026: Could not copy "C:\Projects\Personal\Programacion\PolancoWatch - Full\PolancoWatch_backend\PolancoWatch.Infrastructure\bin\Debug\net8.0\PolancoWatch.Infrastructure.dll" to "bin\Debug\net8.0\PolancoWatch.Infrastructure.dll". Beginning retry 4 in 1000ms. The process cannot access the file 'C:\Projects\Personal\Programacion\PolancoWatch - Full\PolancoWatch_backend\PolancoWatch.API\bin\Debug\net8.0\PolancoWatch.Infrastructure.dll' because it is being used by another process. The file is locked by: "PolancoWatch.API (43064)" [C:\Projects\Personal\Programacion\PolancoWatch - Full\PolancoWatch_backend\PolancoWatch.API\PolancoWatch.API.csproj]
C:\Program Files\dotnet\sdk\10.0.201\Microsoft.Common.CurrentVersion.targets(5094,5): warning MSB3026: Could not copy "C:\Projects\Personal\Programacion\PolancoWatch - Full\PolancoWatch_backend\PolancoWatch.Domain\bin\Debug\net8.0\PolancoWatch.Domain.dll" to "bin\Debug\net8.0\PolancoWatch.Domain.dll". Beginning retry 4 in 1000ms. The process cannot access the file 'C:\Projects\Personal\Programacion\PolancoWatch - Full\PolancoWatch_backend\PolancoWatch.API\bin\Debug\net8.0\PolancoWatch.Domain.dll' because it is being used by another process. The file is locked by: "PolancoWatch.API (43064)" [C:\Projects\Personal\Programacion\PolancoWatch - Full\PolancoWatch_backend\PolancoWatch.API\PolancoWatch.API.csproj]
C:\Program Files\dotnet\sdk\10.0.201\Microsoft.Common.CurrentVersion.targets(5094,5): warning MSB3026: Could not copy "C:\Projects\Personal\Programacion\PolancoWatch - Full\PolancoWatch_backend\PolancoWatch.Application\bin\Debug\net8.0\PolancoWatch.Application.dll" to "bin\Debug\net8.0\PolancoWatch.Application.dll". Beginning retry 5 in 1000ms. The process cannot access the file 'C:\Projects\Personal\Programacion\PolancoWatch - Full\PolancoWatch_backend\PolancoWatch.API\bin\Debug\net8.0\PolancoWatch.Application.dll' because it is being used by another process. The file is locked by: "PolancoWatch.API (43064)" [C:\Projects\Personal\Programacion\PolancoWatch - Full\PolancoWatch_backend\PolancoWatch.API\PolancoWatch.API.csproj]
C:\Program Files\dotnet\sdk\10.0.201\Microsoft.Common.CurrentVersion.targets(5094,5): warning MSB3026: Could not copy "C:\Projects\Personal\Programacion\PolancoWatch - Full\PolancoWatch_backend\PolancoWatch.Domain\bin\Debug\net8.0\PolancoWatch.Domain.dll" to "bin\Debug\net8.0\PolancoWatch.Domain.dll". Beginning retry 5 in 1000ms. The process cannot access the file 'C:\Projects\Personal\Programacion\PolancoWatch - Full\PolancoWatch_backend\PolancoWatch.API\bin\Debug\net8.0\PolancoWatch.Domain.dll' because it is being used by another process. The file is locked by: "PolancoWatch.API (43064)" [C:\Projects\Personal\Programacion\PolancoWatch - Full\PolancoWatch_backend\PolancoWatch.API\PolancoWatch.API.csproj]
C:\Program Files\dotnet\sdk\10.0.201\Microsoft.Common.CurrentVersion.targets(5094,5): warning MSB3026: Could not copy "C:\Projects\Personal\Programacion\PolancoWatch - Full\PolancoWatch_backend\PolancoWatch.Infrastructure\bin\Debug\net8.0\PolancoWatch.Infrastructure.dll" to "bin\Debug\net8.0\PolancoWatch.Infrastructure.dll". Beginning retry 5 in 1000ms. The process cannot access the file 'C:\Projects\Personal\Programacion\PolancoWatch - Full\PolancoWatch_backend\PolancoWatch.API\bin\Debug\net8.0\PolancoWatch.Infrastructure.dll' because it is being used by another process. The file is locked by: "PolancoWatch.API (43064)" [C:\Projects\Personal\Programacion\PolancoWatch - Full\PolancoWatch_backend\PolancoWatch.API\PolancoWatch.API.csproj]
C:\Program Files\dotnet\sdk\10.0.201\Microsoft.Common.CurrentVersion.targets(5094,5): warning MSB3026: Could not copy "C:\Projects\Personal\Programacion\PolancoWatch - Full\PolancoWatch_backend\PolancoWatch.Application\bin\Debug\net8.0\PolancoWatch.Application.dll" to "bin\Debug\net8.0\PolancoWatch.Application.dll". Beginning retry 6 in 1000ms. The process cannot access the file 'C:\Projects\Personal\Programacion\PolancoWatch - Full\PolancoWatch_backend\PolancoWatch.API\bin\Debug\net8.0\PolancoWatch.Application.dll' because it is being used by another process. The file is locked by: "PolancoWatch.API (43064)" [C:\Projects\Personal\Programacion\PolancoWatch - Full\PolancoWatch_backend\PolancoWatch.API\PolancoWatch.API.csproj]
C:\Program Files\dotnet\sdk\10.0.201\Microsoft.Common.CurrentVersion.targets(5094,5): warning MSB3026: Could not copy "C:\Projects\Personal\Programacion\PolancoWatch - Full\PolancoWatch_backend\PolancoWatch.Domain\bin\Debug\net8.0\PolancoWatch.Domain.dll" to "bin\Debug\net8.0\PolancoWatch.Domain.dll". Beginning retry 6 in 1000ms. The process cannot access the file 'C:\Projects\Personal\Programacion\PolancoWatch - Full\PolancoWatch_backend\PolancoWatch.API\bin\Debug\net8.0\PolancoWatch.Domain.dll' because it is being used by another process. The file is locked by: "PolancoWatch.API (43064)" [C:\Projects\Personal\Programacion\PolancoWatch - Full\PolancoWatch_backend\PolancoWatch.API\PolancoWatch.API.csproj]
C:\Program Files\dotnet\sdk\10.0.201\Microsoft.Common.CurrentVersion.targets(5094,5): warning MSB3026: Could not copy "C:\Projects\Personal\Programacion\PolancoWatch - Full\PolancoWatch_backend\PolancoWatch.Infrastructure\bin\Debug\net8.0\PolancoWatch.Infrastructure.dll" to "bin\Debug\net8.0\PolancoWatch.Infrastructure.dll". Beginning retry 6 in 1000ms. The process cannot access the file 'C:\Projects\Personal\Programacion\PolancoWatch - Full\PolancoWatch_backend\PolancoWatch.API\bin\Debug\net8.0\PolancoWatch.Infrastructure.dll' because it is being used by another process. The file is locked by: "PolancoWatch.API (43064)" [C:\Projects\Personal\Programacion\PolancoWatch - Full\PolancoWatch_backend\PolancoWatch.API\PolancoWatch.API.csproj]
C:\Program Files\dotnet\sdk\10.0.201\Microsoft.Common.CurrentVersion.targets(5094,5): warning MSB3026: Could not copy "C:\Projects\Personal\Programacion\PolancoWatch - Full\PolancoWatch_backend\PolancoWatch.Application\bin\Debug\net8.0\PolancoWatch.Application.dll" to "bin\Debug\net8.0\PolancoWatch.Application.dll". Beginning retry 7 in 1000ms. The process cannot access the file 'C:\Projects\Personal\Programacion\PolancoWatch - Full\PolancoWatch_backend\PolancoWatch.API\bin\Debug\net8.0\PolancoWatch.Application.dll' because it is being used by another process. The file is locked by: "PolancoWatch.API (43064)" [C:\Projects\Personal\Programacion\PolancoWatch - Full\PolancoWatch_backend\PolancoWatch.API\PolancoWatch.API.csproj]
C:\Program Files\dotnet\sdk\10.0.201\Microsoft.Common.CurrentVersion.targets(5094,5): warning MSB3026: Could not copy "C:\Projects\Personal\Programacion\PolancoWatch - Full\PolancoWatch_backend\PolancoWatch.Domain\bin\Debug\net8.0\PolancoWatch.Domain.dll" to "bin\Debug\net8.0\PolancoWatch.Domain.dll". Beginning retry 7 in 1000ms. The process cannot access the file 'C:\Projects\Personal\Programacion\PolancoWatch - Full\PolancoWatch_backend\PolancoWatch.API\bin\Debug\net8.0\PolancoWatch.Domain.dll' because it is being used by another process. The file is locked by: "PolancoWatch.API (43064)" [C:\Projects\Personal\Programacion\PolancoWatch - Full\PolancoWatch_backend\PolancoWatch.API\PolancoWatch.API.csproj]
C:\Program Files\dotnet\sdk\10.0.201\Microsoft.Common.CurrentVersion.targets(5094,5): warning MSB3026: Could not copy "C:\Projects\Personal\Programacion\PolancoWatch - Full\PolancoWatch_backend\PolancoWatch.Infrastructure\bin\Debug\net8.0\PolancoWatch.Infrastructure.dll" to "bin\Debug\net8.0\PolancoWatch.Infrastructure.dll". Beginning retry 7 in 1000ms. The process cannot access the file 'C:\Projects\Personal\Programacion\PolancoWatch - Full\PolancoWatch_backend\PolancoWatch.API\bin\Debug\net8.0\PolancoWatch.Infrastructure.dll' because it is being used by another process. The file is locked by: "PolancoWatch.API (43064)" [C:\Projects\Personal\Programacion\PolancoWatch - Full\PolancoWatch_backend\PolancoWatch.API\PolancoWatch.API.csproj]
C:\Program Files\dotnet\sdk\10.0.201\Microsoft.Common.CurrentVersion.targets(5094,5): warning MSB3026: Could not copy "C:\Projects\Personal\Programacion\PolancoWatch - Full\PolancoWatch_backend\PolancoWatch.Application\bin\Debug\net8.0\PolancoWatch.Application.dll" to "bin\Debug\net8.0\PolancoWatch.Application.dll". Beginning retry 8 in 1000ms. The process cannot access the file 'C:\Projects\Personal\Programacion\PolancoWatch - Full\PolancoWatch_backend\PolancoWatch.API\bin\Debug\net8.0\PolancoWatch.Application.dll' because it is being used by another process. The file is locked by: "PolancoWatch.API (43064)" [C:\Projects\Personal\Programacion\PolancoWatch - Full\PolancoWatch_backend\PolancoWatch.API\PolancoWatch.API.csproj]
C:\Program Files\dotnet\sdk\10.0.201\Microsoft.Common.CurrentVersion.targets(5094,5): warning MSB3026: Could not copy "C:\Projects\Personal\Programacion\PolancoWatch - Full\PolancoWatch_backend\PolancoWatch.Domain\bin\Debug\net8.0\PolancoWatch.Domain.dll" to "bin\Debug\net8.0\PolancoWatch.Domain.dll". Beginning retry 8 in 1000ms. The process cannot access the file 'C:\Projects\Personal\Programacion\PolancoWatch - Full\PolancoWatch_backend\PolancoWatch.API\bin\Debug\net8.0\PolancoWatch.Domain.dll' because it is being used by another process. The file is locked by: "PolancoWatch.API (43064)" [C:\Projects\Personal\Programacion\PolancoWatch - Full\PolancoWatch_backend\PolancoWatch.API\PolancoWatch.API.csproj]
C:\Program Files\dotnet\sdk\10.0.201\Microsoft.Common.CurrentVersion.targets(5094,5): warning MSB3026: Could not copy "C:\Projects\Personal\Programacion\PolancoWatch - Full\PolancoWatch_backend\PolancoWatch.Infrastructure\bin\Debug\net8.0\PolancoWatch.Infrastructure.dll" to "bin\Debug\net8.0\PolancoWatch.Infrastructure.dll". Beginning retry 8 in 1000ms. The process cannot access the file 'C:\Projects\Personal\Programacion\PolancoWatch - Full\PolancoWatch_backend\PolancoWatch.API\bin\Debug\net8.0\PolancoWatch.Infrastructure.dll' because it is being used by another process. The file is locked by: "PolancoWatch.API (43064)" [C:\Projects\Personal\Programacion\PolancoWatch - Full\PolancoWatch_backend\PolancoWatch.API\PolancoWatch.API.csproj]
C:\Program Files\dotnet\sdk\10.0.201\Microsoft.Common.CurrentVersion.targets(5094,5): warning MSB3026: Could not copy "C:\Projects\Personal\Programacion\PolancoWatch - Full\PolancoWatch_backend\PolancoWatch.Application\bin\Debug\net8.0\PolancoWatch.Application.dll" to "bin\Debug\net8.0\PolancoWatch.Application.dll". Beginning retry 9 in 1000ms. The process cannot access the file 'C:\Projects\Personal\Programacion\PolancoWatch - Full\PolancoWatch_backend\PolancoWatch.API\bin\Debug\net8.0\PolancoWatch.Application.dll' because it is being used by another process. The file is locked by: "PolancoWatch.API (43064)" [C:\Projects\Personal\Programacion\PolancoWatch - Full\PolancoWatch_backend\PolancoWatch.API\PolancoWatch.API.csproj]
C:\Program Files\dotnet\sdk\10.0.201\Microsoft.Common.CurrentVersion.targets(5094,5): warning MSB3026: Could not copy "C:\Projects\Personal\Programacion\PolancoWatch - Full\PolancoWatch_backend\PolancoWatch.Domain\bin\Debug\net8.0\PolancoWatch.Domain.dll" to "bin\Debug\net8.0\PolancoWatch.Domain.dll". Beginning retry 9 in 1000ms. The process cannot access the file 'C:\Projects\Personal\Programacion\PolancoWatch - Full\PolancoWatch_backend\PolancoWatch.API\bin\Debug\net8.0\PolancoWatch.Domain.dll' because it is being used by another process. The file is locked by: "PolancoWatch.API (43064)" [C:\Projects\Personal\Programacion\PolancoWatch - Full\PolancoWatch_backend\PolancoWatch.API\PolancoWatch.API.csproj]
C:\Program Files\dotnet\sdk\10.0.201\Microsoft.Common.CurrentVersion.targets(5094,5): warning MSB3026: Could not copy "C:\Projects\Personal\Programacion\PolancoWatch - Full\PolancoWatch_backend\PolancoWatch.Infrastructure\bin\Debug\net8.0\PolancoWatch.Infrastructure.dll" to "bin\Debug\net8.0\PolancoWatch.Infrastructure.dll". Beginning retry 9 in 1000ms. The process cannot access the file 'C:\Projects\Personal\Programacion\PolancoWatch - Full\PolancoWatch_backend\PolancoWatch.API\bin\Debug\net8.0\PolancoWatch.Infrastructure.dll' because it is being used by another process. The file is locked by: "PolancoWatch.API (43064)" [C:\Projects\Personal\Programacion\PolancoWatch - Full\PolancoWatch_backend\PolancoWatch.API\PolancoWatch.API.csproj]
C:\Program Files\dotnet\sdk\10.0.201\Microsoft.Common.CurrentVersion.targets(5094,5): warning MSB3026: Could not copy "C:\Projects\Personal\Programacion\PolancoWatch - Full\PolancoWatch_backend\PolancoWatch.Application\bin\Debug\net8.0\PolancoWatch.Application.dll" to "bin\Debug\net8.0\PolancoWatch.Application.dll". Beginning retry 10 in 1000ms. The process cannot access the file 'C:\Projects\Personal\Programacion\PolancoWatch - Full\PolancoWatch_backend\PolancoWatch.API\bin\Debug\net8.0\PolancoWatch.Application.dll' because it is being used by another process. The file is locked by: "PolancoWatch.API (43064)" [C:\Projects\Personal\Programacion\PolancoWatch - Full\PolancoWatch_backend\PolancoWatch.API\PolancoWatch.API.csproj]
C:\Program Files\dotnet\sdk\10.0.201\Microsoft.Common.CurrentVersion.targets(5094,5): warning MSB3026: Could not copy "C:\Projects\Personal\Programacion\PolancoWatch - Full\PolancoWatch_backend\PolancoWatch.Domain\bin\Debug\net8.0\PolancoWatch.Domain.dll" to "bin\Debug\net8.0\PolancoWatch.Domain.dll". Beginning retry 10 in 1000ms. Could not find file 'C:\Projects\Personal\Programacion\PolancoWatch - Full\PolancoWatch_backend\PolancoWatch.Domain\bin\Debug\net8.0\PolancoWatch.Domain.dll'. The file is locked by: "PolancoWatch.API (43064)" [C:\Projects\Personal\Programacion\PolancoWatch - Full\PolancoWatch_backend\PolancoWatch.API\PolancoWatch.API.csproj]
C:\Program Files\dotnet\sdk\10.0.201\Microsoft.Common.CurrentVersion.targets(5094,5): warning MSB3026: Could not copy "C:\Projects\Personal\Programacion\PolancoWatch - Full\PolancoWatch_backend\PolancoWatch.Infrastructure\bin\Debug\net8.0\PolancoWatch.Infrastructure.dll" to "bin\Debug\net8.0\PolancoWatch.Infrastructure.dll". Beginning retry 10 in 1000ms. Could not find file 'C:\Projects\Personal\Programacion\PolancoWatch - Full\PolancoWatch_backend\PolancoWatch.Infrastructure\bin\Debug\net8.0\PolancoWatch.Infrastructure.dll'. The file is locked by: "PolancoWatch.API (43064)" [C:\Projects\Personal\Programacion\PolancoWatch - Full\PolancoWatch_backend\PolancoWatch.API\PolancoWatch.API.csproj]
C:\Program Files\dotnet\sdk\10.0.201\Microsoft.Common.CurrentVersion.targets(5094,5): error MSB3027: Could not copy "C:\Projects\Personal\Programacion\PolancoWatch - Full\PolancoWatch_backend\PolancoWatch.Application\bin\Debug\net8.0\PolancoWatch.Application.dll" to "bin\Debug\net8.0\PolancoWatch.Application.dll". Exceeded retry count of 10. Failed. The file is locked by: "PolancoWatch.API (43064)" [C:\Projects\Personal\Programacion\PolancoWatch - Full\PolancoWatch_backend\PolancoWatch.API\PolancoWatch.API.csproj]
C:\Program Files\dotnet\sdk\10.0.201\Microsoft.Common.CurrentVersion.targets(5094,5): error MSB3021: Unable to copy file "C:\Projects\Personal\Programacion\PolancoWatch - Full\PolancoWatch_backend\PolancoWatch.Application\bin\Debug\net8.0\PolancoWatch.Application.dll" to "bin\Debug\net8.0\PolancoWatch.Application.dll". The process cannot access the file 'C:\Projects\Personal\Programacion\PolancoWatch - Full\PolancoWatch_backend\PolancoWatch.API\bin\Debug\net8.0\PolancoWatch.Application.dll' because it is being used by another process. [C:\Projects\Personal\Programacion\PolancoWatch - Full\PolancoWatch_backend\PolancoWatch.API\PolancoWatch.API.csproj]
C:\Program Files\dotnet\sdk\10.0.201\Microsoft.Common.CurrentVersion.targets(5094,5): error MSB3027: Could not copy "C:\Projects\Personal\Programacion\PolancoWatch - Full\PolancoWatch_backend\PolancoWatch.Domain\bin\Debug\net8.0\PolancoWatch.Domain.dll" to "bin\Debug\net8.0\PolancoWatch.Domain.dll". Exceeded retry count of 10. Failed. The file is locked by: "PolancoWatch.API (43064)" [C:\Projects\Personal\Programacion\PolancoWatch - Full\PolancoWatch_backend\PolancoWatch.API\PolancoWatch.API.csproj]
C:\Program Files\dotnet\sdk\10.0.201\Microsoft.Common.CurrentVersion.targets(5094,5): error MSB3021: Unable to copy file "C:\Projects\Personal\Programacion\PolancoWatch - Full\PolancoWatch_backend\PolancoWatch.Domain\bin\Debug\net8.0\PolancoWatch.Domain.dll" to "bin\Debug\net8.0\PolancoWatch.Domain.dll". The process cannot access the file 'C:\Projects\Personal\Programacion\PolancoWatch - Full\PolancoWatch_backend\PolancoWatch.API\bin\Debug\net8.0\PolancoWatch.Domain.dll' because it is being used by another process. [C:\Projects\Personal\Programacion\PolancoWatch - Full\PolancoWatch_backend\PolancoWatch.API\PolancoWatch.API.csproj]
C:\Program Files\dotnet\sdk\10.0.201\Microsoft.Common.CurrentVersion.targets(5094,5): error MSB3027: Could not copy "C:\Projects\Personal\Programacion\PolancoWatch - Full\PolancoWatch_backend\PolancoWatch.Infrastructure\bin\Debug\net8.0\PolancoWatch.Infrastructure.dll" to "bin\Debug\net8.0\PolancoWatch.Infrastructure.dll". Exceeded retry count of 10. Failed. The file is locked by: "PolancoWatch.API (43064)" [C:\Projects\Personal\Programacion\PolancoWatch - Full\PolancoWatch_backend\PolancoWatch.API\PolancoWatch.API.csproj]
C:\Program Files\dotnet\sdk\10.0.201\Microsoft.Common.CurrentVersion.targets(5094,5): error MSB3021: Unable to copy file "C:\Projects\Personal\Programacion\PolancoWatch - Full\PolancoWatch_backend\PolancoWatch.Infrastructure\bin\Debug\net8.0\PolancoWatch.Infrastructure.dll" to "bin\Debug\net8.0\PolancoWatch.Infrastructure.dll". Could not find file 'C:\Projects\Personal\Programacion\PolancoWatch - Full\PolancoWatch_backend\PolancoWatch.Infrastructure\bin\Debug\net8.0\PolancoWatch.Infrastructure.dll'. [C:\Projects\Personal\Programacion\PolancoWatch - Full\PolancoWatch_backend\PolancoWatch.API\PolancoWatch.API.csproj]
    30 Warning(s)
    6 Error(s)

Time Elapsed 00:00:13.70
